// Jest Snapshot v1, https://goo.gl/fbAQLP

exports[`Button renders correctly 1`] = `"<div data-server-rendered=\\"true\\"><h2>Button</h2> <button type=\\"primary\\" class=\\"normal lm-btn lm-btn--primary lm-btn-block\\"><!----> Primary</button> <button type=\\"warn\\" class=\\"lm-btn lm-btn--warn lm-btn-block\\"><!----> Warn</button> <button type=\\"danger\\" class=\\"lm-btn lm-btn--danger lm-btn-block\\"><!----> Danger</button> <button type=\\"dark\\" class=\\"lm-btn lm-btn--dark lm-btn-block\\"><!----> Dark</button> <h3>Icon</h3> <button type=\\"primary\\" class=\\"icon lm-btn lm-btn--primary lm-btn-block\\"><i class=\\"iconfont icon-like\\"></i> Button</button> <button type=\\"primary\\" class=\\"lm-btn lm-btn--primary lm-btn-block\\"><!----> Button <i class=\\"iconfont icon-like\\"></i></button> <h3>Outline</h3> <button type=\\"primary\\" class=\\"outline lm-btn lm-btn--primary lm-btn-block lm-btn-outline\\"><!----> Primary</button> <button type=\\"warn\\" class=\\"lm-btn lm-btn--warn lm-btn-block lm-btn-outline\\"><!----> Warn</button> <button type=\\"danger\\" class=\\"lm-btn lm-btn--danger lm-btn-block lm-btn-outline\\"><!----> Danger</button> <button type=\\"dark\\" class=\\"lm-btn lm-btn--dark lm-btn-block lm-btn-outline\\"><!----> Dark</button> <h3>Outline-Icon</h3> <button type=\\"primary\\" class=\\"lm-btn lm-btn--primary lm-btn-block lm-btn-outline\\"><i class=\\"iconfont icon-like\\"></i> Button</button> <button type=\\"primary\\" class=\\"lm-btn lm-btn--primary lm-btn-block lm-btn-outline\\"><!----> Button <i class=\\"iconfont icon-like\\"></i></button> <h3>Inline</h3> <button type=\\"primary\\" class=\\"inline lm-btn lm-btn--primary\\"><!----> Normal</button> <button type=\\"primary\\" class=\\"lm-btn lm-btn--primary lm-btn-outline\\"><!----> Outline</button> <h3>Disabled</h3> <button type=\\"primary\\" disabled=\\"disabled\\" class=\\"disabled lm-btn lm-btn--primary lm-btn-block lm-btn-disabled\\"><!----> Button</button> <button type=\\"primary\\" disabled=\\"disabled\\" class=\\"lm-btn lm-btn--primary lm-btn-block lm-btn-disabled lm-btn-outline\\"><!----> Button</button></div>"`;
